// Jest Snapshot v1, https://goo.gl/fbAQLP

exports[`App component App renders without crashing 1`] = `
<BrowserRouter>
  <Switch>
    <Route
      component={[Function]}
      exact={true}
      path="/"
    />
    <Route
      component={[Function]}
      exact={true}
      path="/about-us"
    />
    <Route
      component={[Function]}
      exact={true}
      path="/what-we-do"
    />
    <Route
      component={[Function]}
      exact={true}
      path="/news-and-events"
    />
    <Route
      component={[Function]}
      exact={true}
      path="/contact-us"
    />
    <Redirect
      component={[Function]}
      to="/"
    />
  </Switch>
</BrowserRouter>
`;
