// Jest Snapshot v1, https://goo.gl/fbAQLP

exports[`Index component Index renders without crashing 1`] = `
<div>
  <HelmetWrapper
    defer={true}
    encodeSpecialCharacters={true}
  >
    <title>
      index.smallworldTitle
    </title>
    <meta
      content="Homegrown Startup Community. We began in 2011 by providing a collaborative workspace environment for entrepreneurs, and then quickly moved forward raising investment capital to fund new startup projects."
      name="description"
    />
  </HelmetWrapper>
  <div>
    <div
      className="backBanner"
      style={
        Object {
          "backgroundImage": "url(\\"/images/banner.png\\")",
          "height": "54vw",
        }
      }
    >
      <div
        className="ui container"
      >
        <div
          className="bannerContent"
        >
          <h3>
            <span>
              &lt;
            </span>
            index.indexTitle
            <span>
              /&gt;
            </span>
          </h3>
          <p
            className="paragraph"
          >
            index.providing
          </p>
          <p
            className="paragraph"
          >
            index.varietyResearchDev
          </p>
          <Link
            to="/about-us"
          >
            <button
              className="ui basic button btnLearnMore"
              type="button"
            >
              index.learnMoreBtn
            </button>
          </Link>
        </div>
      </div>
    </div>
    <div
      className="cvcolor"
    >
      <div
        className="ui container margin-top"
      >
        <div
          className="ui four column doubling stackable grid"
        >
          <div
            className="column "
          >
            <center>
              <div
                className="newsDetailo"
              >
                <img
                  alt="SmallWorld Venture"
                  className="imageIndex"
                  src="/images/blurb-1.png"
                />
                <div
                  className="shadowIndex"
                >
                  <h4>
                    index.startupCommunity
                  </h4>
                  <p>
                    index.committed
                  </p>
                  <br />
                  <br />
                  <br />
                  <br />
                </div>
              </div>
            </center>
          </div>
          <div
            className="column"
          >
            <center>
              <div
                className="newsDetailo"
              >
                <img
                  alt="SmallWorld Venture"
                  className="imageIndex"
                  src="/images/blurb-2.png"
                />
                <div
                  className="shadowIndex"
                >
                  <h4>
                    index.seedEquityInvestments
                  </h4>
                  <p>
                    index.seedInvestments
                  </p>
                  <br />
                  <br />
                  <br />
                  <br />
                </div>
              </div>
            </center>
          </div>
          <div
            className="column"
          >
            <center>
              <div
                className="newsDetailo"
              >
                <img
                  alt="SmallWorld Venture"
                  className="imageIndex"
                  src="/images/blurb-3.png"
                />
                <div
                  className="shadowIndex"
                >
                  <h4>
                    index.ventureBuilding
                  </h4>
                  <p>
                    index.internalTeam
                  </p>
                  <br />
                  <br />
                  <br />
                </div>
              </div>
            </center>
          </div>
          <div
            className="column"
          >
            <center>
              <div
                className="newsDetailo"
              >
                <img
                  alt="SmallWorld Venture"
                  className="imageIndex"
                  src="/images/blurb-4.png"
                />
                <div
                  className="shadowIndex"
                >
                  <h4>
                    index.ecovillageDev
                  </h4>
                  <p>
                    index.ecovillage
                  </p>
                  <br />
                  <br />
                </div>
              </div>
            </center>
          </div>
        </div>
      </div>
    </div>
    <div
      className="backInformation"
    >
      <div
        className="ui container"
      >
        <div
          className="ui stackable two column grid"
        >
          <div
            className="column"
          >
            <h1>
              index.ventureIdeas
            </h1>
            <p>
              index.problemSolving
            </p>
            <p>
              index.skillset
            </p>
            <p>
              index.openStartup
            </p>
            <p>
              index.sendMsg
            </p>
            <Link
              to="/contact-us"
            >
              <button
                className="ui basic button btnInformation"
                type="button"
              >
                index.contact
              </button>
            </Link>
          </div>
        </div>
      </div>
    </div>
    <withI18nextTranslation(News) />
  </div>
</div>
`;
