// Jest Snapshot v1, https://goo.gl/fbAQLP

exports[`Navbar component Navbar renders without crashing 1`] = `
<Fragment>
  <div>
    <div
      className=""
    >
      <div
        className="ui left demo vertical inverted labeled icon sidebar menu overlay visible mobile only slideOut"
        style={Object {}}
      >
        <Link
          className="item"
          to="/about-us"
        >
          About
        </Link>
        <Link
          className="item"
          to="/what-we-do"
        >
          Works
        </Link>
        <Link
          className="item"
          to="/news-and-events"
        >
          News
        </Link>
        <Link
          className="item"
          to="/contact-us"
        >
          Contact
        </Link>
      </div>
    </div>
    <div
      className="navbar-menu"
    >
      <div
        className="ui secondary container menu mobile only mobile-navbar"
      >
        <div
          className="menu left"
        >
          <Link
            to="/"
          >
            <img
              alt="SmallWorld Venture"
              className="logonav"
              src="/images/logo/sw-green.png"
            />
          </Link>
        </div>
        <div
          className="menu right asize"
        >
          <img
            alt=""
            className="menu-icons"
            height="30px"
            onClick={[Function]}
            role="presentation"
            src="/images/menu.svg"
          />
        </div>
      </div>
    </div>
  </div>
  <div
    className="hd sw-navbar mobile hidden"
  >
    <div
      className="ui secondary container menu"
    >
      <div
        className="menu left"
      >
        <NavLink
          to="/"
        >
          <img
            alt="SmallWorld"
            className="logonav"
            src="/images/logo/sw-green.png"
          />
        </NavLink>
      </div>
      <div
        className="menu right asize"
      >
        <NavLink
          activeClassName="item active"
          className="item"
          to="/about-us"
        >
          About
        </NavLink>
        <NavLink
          activeClassName="item active"
          className="item"
          to="/what-we-do"
        >
          Works
        </NavLink>
        <NavLink
          activeClassName="item active"
          className="item"
          to="/news-and-events"
        >
          News
        </NavLink>
        <NavLink
          activeClassName="item active"
          className="item"
          to="/contact-us"
        >
          Contact
        </NavLink>
      </div>
    </div>
  </div>
</Fragment>
`;
